apiVersion: v1
kind: ServiceAccount
metadata:
  annotations: {}
  labels:
    name: acme-dns
  name: acme-dns
  namespace: syn-acme-dns-acme-dns
---
apiVersion: rbac.authorization.k8s.io/v1
kind: RoleBinding
metadata:
  annotations: {}
  labels:
    name: acmedns-scc-anyuid
  name: acmedns-scc-anyuid
  namespace: syn-acme-dns-acme-dns
roleRef:
  apiGroup: rbac.authorization.k8s.io
  kind: ClusterRole
  name: system:openshift:scc:anyuid
subjects:
  - kind: ServiceAccount
    name: acme-dns
    namespace: syn-acme-dns-acme-dns
