apiVersion: v1
kind: ServiceAccount
metadata:
  annotations: {}
  labels:
    name: acme-dns
  name: acme-dns
  namespace: syn-acme-dns-acme-dns
